// Jest Snapshot v1, https://goo.gl/fbAQLP

exports[`Filter renders correctly 1`] = `
<input
  className="searchInput"
  onChange={[Function]}
  placeholder="Enter undefined to search"
/>
`;
